/nfs-share/pa511/.cache/pypoetry/virtualenvs/llm-memorization1-iHoaSaFW-py3.12/lib/python3.12/site-packages/wandb/analytics/sentry.py:90: SentryHubDeprecationWarning: `sentry_sdk.Hub` is deprecated and will be removed in a future major release. Please consult our 1.x to 2.x migration guide for details on how to migrate `Hub` usage to the new API: https://docs.sentry.io/platforms/python/migration/1.x-to-2.x
  self.hub = sentry_sdk.Hub(client)
/nfs-share/pa511/.cache/pypoetry/virtualenvs/llm-memorization1-iHoaSaFW-py3.12/lib/python3.12/site-packages/peft/tuners/tuners_utils.py:456: SyntaxWarning: invalid escape sequence '\.'
  layer_index = re.match(f".*.{pattern}\.(\d+)\.*", key)
/nfs-share/pa511/.cache/pypoetry/virtualenvs/llm-memorization1-iHoaSaFW-py3.12/lib/python3.12/site-packages/peft/tuners/lora/model.py:146: SyntaxWarning: invalid escape sequence '\.'
  target_name_key = next(filter(lambda key: re.match(f".*\.{key}$", current_key), pattern_keys), current_key)
/nfs-share/pa511/.cache/pypoetry/virtualenvs/llm-memorization1-iHoaSaFW-py3.12/lib/python3.12/site-packages/peft/tuners/lycoris_utils.py:230: SyntaxWarning: invalid escape sequence '\.'
  target_name_key = next(filter(lambda key: re.match(f"(.*\.)?{key}$", current_key), pattern_keys), target_name)
/nfs-share/pa511/.cache/pypoetry/virtualenvs/llm-memorization1-iHoaSaFW-py3.12/lib/python3.12/site-packages/flwr_datasets/utils.py:109: UserWarning: The currently tested dataset are ['mnist', 'ylecun/mnist', 'cifar10', 'uoft-cs/cifar10', 'fashion_mnist', 'zalando-datasets/fashion_mnist', 'sasha/dog-food', 'zh-plus/tiny-imagenet', 'scikit-learn/adult-census-income', 'cifar100', 'uoft-cs/cifar100', 'svhn', 'ufldl-stanford/svhn', 'sentiment140', 'stanfordnlp/sentiment140', 'speech_commands', 'LIUM/tedlium', 'flwrlabs/femnist', 'flwrlabs/ucf101', 'flwrlabs/ambient-acoustic-context', 'jlh/uci-mushrooms', 'Mike0307/MNIST-M', 'flwrlabs/usps', 'scikit-learn/iris', 'flwrlabs/pacs', 'flwrlabs/cinic10', 'flwrlabs/caltech101', 'flwrlabs/office-home', 'flwrlabs/fed-isic2019']. Given: medalpaca/medical_meadow_medical_flashcards.
  warnings.warn(
Traceback (most recent call last):
  File "/nfs-share/pa511/llm_memorisation/finetune/train_fl.py", line 75, in <module>
    main()
  File "/nfs-share/pa511/llm_memorisation/finetune/train_fl.py", line 46, in main
    fraction_eval=cfg.flower.fraction_eval,
                  ^^^^^^^^^^^^^^^^^^^^^^^^
  File "/nfs-share/pa511/.cache/pypoetry/virtualenvs/llm-memorization1-iHoaSaFW-py3.12/lib/python3.12/site-packages/omegaconf/dictconfig.py", line 355, in __getattr__
    self._format_and_raise(
  File "/nfs-share/pa511/.cache/pypoetry/virtualenvs/llm-memorization1-iHoaSaFW-py3.12/lib/python3.12/site-packages/omegaconf/base.py", line 231, in _format_and_raise
    format_and_raise(
  File "/nfs-share/pa511/.cache/pypoetry/virtualenvs/llm-memorization1-iHoaSaFW-py3.12/lib/python3.12/site-packages/omegaconf/_utils.py", line 899, in format_and_raise
    _raise(ex, cause)
  File "/nfs-share/pa511/.cache/pypoetry/virtualenvs/llm-memorization1-iHoaSaFW-py3.12/lib/python3.12/site-packages/omegaconf/_utils.py", line 797, in _raise
    raise ex.with_traceback(sys.exc_info()[2])  # set env var OC_CAUSE=1 for full trace
    ^^^^^^^^^^^^^^^^^^^^^^^^^^^^^^^^^^^^^^^^^^
  File "/nfs-share/pa511/.cache/pypoetry/virtualenvs/llm-memorization1-iHoaSaFW-py3.12/lib/python3.12/site-packages/omegaconf/dictconfig.py", line 351, in __getattr__
    return self._get_impl(
           ^^^^^^^^^^^^^^^
  File "/nfs-share/pa511/.cache/pypoetry/virtualenvs/llm-memorization1-iHoaSaFW-py3.12/lib/python3.12/site-packages/omegaconf/dictconfig.py", line 442, in _get_impl
    node = self._get_child(
           ^^^^^^^^^^^^^^^^
  File "/nfs-share/pa511/.cache/pypoetry/virtualenvs/llm-memorization1-iHoaSaFW-py3.12/lib/python3.12/site-packages/omegaconf/basecontainer.py", line 73, in _get_child
    child = self._get_node(
            ^^^^^^^^^^^^^^^
  File "/nfs-share/pa511/.cache/pypoetry/virtualenvs/llm-memorization1-iHoaSaFW-py3.12/lib/python3.12/site-packages/omegaconf/dictconfig.py", line 480, in _get_node
    raise ConfigKeyError(f"Missing key {key!s}")
omegaconf.errors.ConfigAttributeError: Missing key fraction_eval
    full_key: flower.fraction_eval
    object_type=dict
srun: error: mauao: task 0: Exited with exit code 1
